{"available_keys": 0, "capacity": 8, "event": "pool_status", "occupancy_percent": 0.0, "reason": "status_available", "role": "alice", "time": "2026-10-06T17:20:44.549933+00:00"}
liboqs-python faulthandler is disabled
{"attempt_id": "340c1962ae0c6ebb", "attempts": 2, "bytes": 80823, "event": "handshake_started", "filename": "research-dataset.csv", "policy": "hybrid-required", "role": "alice", "time": "2026-10-06T17:20:44.558991+00:00", "transfer_id": "6ca4f1f1-8e89-426b-be3d-557948d34c3b"}
{"attempts": 2, "bytes": 80823, "duration_ms": 38.128, "event": "queued", "filename": "research-dataset.csv", "mode": null, "policy": "hybrid-required", "reason": "reserve_below_5_percent", "role": "alice", "saved_as": null, "state": "QUEUED", "time": "2026-10-06T17:20:44.564958+00:00", "transfer_id": "6ca4f1f1-8e89-426b-be3d-557948d34c3b"}
{"available_keys": 0, "capacity": 8, "event": "pool_status", "occupancy_percent": 0.0, "reason": "status_available", "role": "alice", "time": "2026-10-06T17:20:45.090815+00:00"}
{"attempt_id": "a0bf0705043447cb", "attempts": 3, "bytes": 80823, "event": "handshake_started", "filename": "research-dataset.csv", "policy": "hybrid-required", "role": "alice", "time": "2026-10-06T17:20:45.091483+00:00", "transfer_id": "6ca4f1f1-8e89-426b-be3d-557948d34c3b"}
{"attempts": 3, "bytes": 80823, "duration_ms": 26.496, "event": "queued", "filename": "research-dataset.csv", "mode": null, "policy": "hybrid-required", "reason": "reserve_below_5_percent", "role": "alice", "saved_as": null, "state": "QUEUED", "time": "2026-10-06T17:20:45.099387+00:00", "transfer_id": "6ca4f1f1-8e89-426b-be3d-557948d34c3b"}
{"available_keys": 0, "capacity": 8, "event": "pool_status", "occupancy_percent": 0.0, "reason": "status_available", "role": "alice", "time": "2026-10-06T17:20:45.618923+00:00"}
{"attempt_id": "a2df417ac2b02ffa", "attempts": 4, "bytes": 80823, "event": "handshake_started", "filename": "research-dataset.csv", "policy": "hybrid-required", "role": "alice", "time": "2026-10-06T17:20:45.619899+00:00", "transfer_id": "6ca4f1f1-8e89-426b-be3d-557948d34c3b"}
{"attempts": 4, "bytes": 80823, "duration_ms": 22.738, "event": "queued", "filename": "research-dataset.csv", "mode": null, "policy": "hybrid-required", "reason": "reserve_below_5_percent", "role": "alice", "saved_as": null, "state": "QUEUED", "time": "2026-10-06T17:20:45.629149+00:00", "transfer_id": "6ca4f1f1-8e89-426b-be3d-557948d34c3b"}
{"available_keys": 0, "capacity": 8, "event": "pool_status", "occupancy_percent": 0.0, "reason": "status_available", "role": "alice", "time": "2026-10-06T17:20:46.145949+00:00"}
{"attempt_id": "24c7a6af00b7dd72", "attempts": 5, "bytes": 80823, "event": "handshake_started", "filename": "research-dataset.csv", "policy": "hybrid-required", "role": "alice", "time": "2026-10-06T17:20:46.146943+00:00", "transfer_id": "6ca4f1f1-8e89-426b-be3d-557948d34c3b"}
{"attempts": 5, "bytes": 80823, "duration_ms": 21.343, "event": "queued", "filename": "research-dataset.csv", "mode": null, "policy": "hybrid-required", "reason": "reserve_below_5_percent", "role": "alice", "saved_as": null, "state": "QUEUED", "time": "2026-10-06T17:20:46.156229+00:00", "transfer_id": "6ca4f1f1-8e89-426b-be3d-557948d34c3b"}
{"available_keys": 0, "capacity": 8, "event": "pool_status", "occupancy_percent": 0.0, "reason": "status_available", "role": "alice", "time": "2026-10-06T17:20:46.671242+00:00"}
{"attempt_id": "174655a84979bf08", "attempts": 6, "bytes": 80823, "event": "handshake_started", "filename": "research-dataset.csv", "policy": "hybrid-required", "role": "alice", "time": "2026-10-06T17:20:46.671852+00:00", "transfer_id": "6ca4f1f1-8e89-426b-be3d-557948d34c3b"}
{"attempts": 6, "bytes": 80823, "duration_ms": 19.531, "event": "queued", "filename": "research-dataset.csv", "mode": null, "policy": "hybrid-required", "reason": "reserve_below_5_percent", "role": "alice", "saved_as": null, "state": "QUEUED", "time": "2026-10-06T17:20:46.678925+00:00", "transfer_id": "6ca4f1f1-8e89-426b-be3d-557948d34c3b"}
{"available_keys": 0, "capacity": 8, "event": "pool_status", "occupancy_percent": 0.0, "reason": "status_available", "role": "alice", "time": "2026-10-06T17:20:47.193005+00:00"}
{"attempt_id": "6606f09cbb436de3", "attempts": 7, "bytes": 80823, "event": "handshake_started", "filename": "research-dataset.csv", "policy": "hybrid-required", "role": "alice", "time": "2026-10-06T17:20:47.193997+00:00", "transfer_id": "6ca4f1f1-8e89-426b-be3d-557948d34c3b"}
{"attempts": 7, "bytes": 80823, "duration_ms": 20.056, "event": "queued", "filename": "research-dataset.csv", "mode": null, "policy": "hybrid-required", "reason": "reserve_below_5_percent", "role": "alice", "saved_as": null, "state": "QUEUED", "time": "2026-10-06T17:20:47.202616+00:00", "transfer_id": "6ca4f1f1-8e89-426b-be3d-557948d34c3b"}
{"available_keys": 0, "capacity": 8, "event": "pool_status", "occupancy_percent": 0.0, "reason": "status_available", "role": "alice", "time": "2026-10-06T17:20:47.712396+00:00"}
{"attempt_id": "f4f7657f3f9ff9ca", "attempts": 8, "bytes": 80823, "event": "handshake_started", "filename": "research-dataset.csv", "policy": "hybrid-required", "role": "alice", "time": "2026-10-06T17:20:47.712816+00:00", "transfer_id": "6ca4f1f1-8e89-426b-be3d-557948d34c3b"}
{"attempts": 8, "bytes": 80823, "duration_ms": 12.804, "event": "queued", "filename": "research-dataset.csv", "mode": null, "policy": "hybrid-required", "reason": "reserve_below_5_percent", "role": "alice", "saved_as": null, "state": "QUEUED", "time": "2026-10-06T17:20:47.717440+00:00", "transfer_id": "6ca4f1f1-8e89-426b-be3d-557948d34c3b"}
{"available_keys": 0, "capacity": 8, "event": "pool_status", "occupancy_percent": 0.0, "reason": "status_available", "role": "alice", "time": "2026-10-06T17:20:48.237440+00:00"}
{"attempt_id": "7f8c7d097e7c86d1", "attempts": 9, "bytes": 80823, "event": "handshake_started", "filename": "research-dataset.csv", "policy": "hybrid-required", "role": "alice", "time": "2026-10-06T17:20:48.238373+00:00", "transfer_id": "6ca4f1f1-8e89-426b-be3d-557948d34c3b"}
{"attempts": 9, "bytes": 80823, "duration_ms": 22.14, "event": "queued", "filename": "research-dataset.csv", "mode": null, "policy": "hybrid-required", "reason": "reserve_below_5_percent", "role": "alice", "saved_as": null, "state": "QUEUED", "time": "2026-10-06T17:20:48.247397+00:00", "transfer_id": "6ca4f1f1-8e89-426b-be3d-557948d34c3b"}
{"available_keys": 0, "capacity": 8, "event": "pool_status", "occupancy_percent": 0.0, "reason": "status_available", "role": "alice", "time": "2026-10-06T17:20:48.761674+00:00"}
{"attempt_id": "c809e21038994fc2", "attempts": 10, "bytes": 80823, "event": "handshake_started", "filename": "research-dataset.csv", "policy": "hybrid-required", "role": "alice", "time": "2026-10-06T17:20:48.762656+00:00", "transfer_id": "6ca4f1f1-8e89-426b-be3d-557948d34c3b"}
{"attempts": 10, "bytes": 80823, "duration_ms": 20.748, "event": "queued", "filename": "research-dataset.csv", "mode": null, "policy": "hybrid-required", "reason": "reserve_below_5_percent", "role": "alice", "saved_as": null, "state": "QUEUED", "time": "2026-10-06T17:20:48.771760+00:00", "transfer_id": "6ca4f1f1-8e89-426b-be3d-557948d34c3b"}
{"available_keys": 0, "capacity": 8, "event": "pool_status", "occupancy_percent": 0.0, "reason": "status_available", "role": "alice", "time": "2026-10-06T17:20:49.285570+00:00"}
{"attempt_id": "5713769c605640b4", "attempts": 11, "bytes": 80823, "event": "handshake_started", "filename": "research-dataset.csv", "policy": "hybrid-required", "role": "alice", "time": "2026-10-06T17:20:49.286134+00:00", "transfer_id": "6ca4f1f1-8e89-426b-be3d-557948d34c3b"}
{"attempts": 11, "bytes": 80823, "duration_ms": 17.215, "event": "queued", "filename": "research-dataset.csv", "mode": null, "policy": "hybrid-required", "reason": "reserve_below_5_percent", "role": "alice", "saved_as": null, "state": "QUEUED", "time": "2026-10-06T17:20:49.295950+00:00", "transfer_id": "6ca4f1f1-8e89-426b-be3d-557948d34c3b"}
{"available_keys": 0, "capacity": 8, "event": "pool_status", "occupancy_percent": 0.0, "reason": "status_available", "role": "alice", "time": "2026-10-06T17:20:49.812249+00:00"}
{"attempt_id": "6b311e09474c9f4d", "attempts": 12, "bytes": 80823, "event": "handshake_started", "filename": "research-dataset.csv", "policy": "hybrid-required", "role": "alice", "time": "2026-10-06T17:20:49.813374+00:00", "transfer_id": "6ca4f1f1-8e89-426b-be3d-557948d34c3b"}
{"attempts": 12, "bytes": 80823, "duration_ms": 22.215, "event": "queued", "filename": "research-dataset.csv", "mode": null, "policy": "hybrid-required", "reason": "reserve_below_5_percent", "role": "alice", "saved_as": null, "state": "QUEUED", "time": "2026-10-06T17:20:49.822440+00:00", "transfer_id": "6ca4f1f1-8e89-426b-be3d-557948d34c3b"}
{"available_keys": 0, "capacity": 8, "event": "pool_status", "occupancy_percent": 0.0, "reason": "status_available", "role": "alice", "time": "2026-10-06T17:20:50.339732+00:00"}
{"attempt_id": "6af5bad73fed5c9e", "attempts": 13, "bytes": 80823, "event": "handshake_started", "filename": "research-dataset.csv", "policy": "hybrid-required", "role": "alice", "time": "2026-10-06T17:20:50.340792+00:00", "transfer_id": "6ca4f1f1-8e89-426b-be3d-557948d34c3b"}
{"attempts": 13, "bytes": 80823, "duration_ms": 21.444, "event": "queued", "filename": "research-dataset.csv", "mode": null, "policy": "hybrid-required", "reason": "reserve_below_5_percent", "role": "alice", "saved_as": null, "state": "QUEUED", "time": "2026-10-06T17:20:50.350549+00:00", "transfer_id": "6ca4f1f1-8e89-426b-be3d-557948d34c3b"}
{"available_keys": 0, "capacity": 8, "event": "pool_status", "occupancy_percent": 0.0, "reason": "status_available", "role": "alice", "time": "2026-10-06T17:20:50.867746+00:00"}
{"attempt_id": "2097d0f1d6a92c08", "attempts": 14, "bytes": 80823, "event": "handshake_started", "filename": "research-dataset.csv", "policy": "hybrid-required", "role": "alice", "time": "2026-10-06T17:20:50.868738+00:00", "transfer_id": "6ca4f1f1-8e89-426b-be3d-557948d34c3b"}
{"attempts": 14, "bytes": 80823, "duration_ms": 20.825, "event": "queued", "filename": "research-dataset.csv", "mode": null, "policy": "hybrid-required", "reason": "reserve_below_5_percent", "role": "alice", "saved_as": null, "state": "QUEUED", "time": "2026-10-06T17:20:50.879073+00:00", "transfer_id": "6ca4f1f1-8e89-426b-be3d-557948d34c3b"}
{"available_keys": 0, "capacity": 8, "event": "pool_status", "occupancy_percent": 0.0, "reason": "status_available", "role": "alice", "time": "2026-10-06T17:20:51.397865+00:00"}
{"attempt_id": "b1f1989ada52bce1", "attempts": 15, "bytes": 80823, "event": "handshake_started", "filename": "research-dataset.csv", "policy": "hybrid-required", "role": "alice", "time": "2026-10-06T17:20:51.398874+00:00", "transfer_id": "6ca4f1f1-8e89-426b-be3d-557948d34c3b"}
{"attempts": 15, "bytes": 80823, "duration_ms": 21.724, "event": "queued", "filename": "research-dataset.csv", "mode": null, "policy": "hybrid-required", "reason": "reserve_below_5_percent", "role": "alice", "saved_as": null, "state": "QUEUED", "time": "2026-10-06T17:20:51.408326+00:00", "transfer_id": "6ca4f1f1-8e89-426b-be3d-557948d34c3b"}
{"available_keys": 0, "capacity": 8, "event": "pool_status", "occupancy_percent": 0.0, "reason": "status_available", "role": "alice", "time": "2026-10-06T17:20:51.925051+00:00"}
{"attempt_id": "72eb6984c969325f", "attempts": 16, "bytes": 80823, "event": "handshake_started", "filename": "research-dataset.csv", "policy": "hybrid-required", "role": "alice", "time": "2026-10-06T17:20:51.925783+00:00", "transfer_id": "6ca4f1f1-8e89-426b-be3d-557948d34c3b"}
{"attempts": 16, "bytes": 80823, "duration_ms": 17.54, "event": "queued", "filename": "research-dataset.csv", "mode": null, "policy": "hybrid-required", "reason": "reserve_below_5_percent", "role": "alice", "saved_as": null, "state": "QUEUED", "time": "2026-10-06T17:20:51.933531+00:00", "transfer_id": "6ca4f1f1-8e89-426b-be3d-557948d34c3b"}
{"available_keys": 1, "capacity": 8, "event": "pool_status", "occupancy_percent": 12.5, "reason": "status_available", "role": "alice", "time": "2026-10-06T17:20:52.448673+00:00"}
{"attempt_id": "643565b844076840", "attempts": 17, "bytes": 80823, "event": "handshake_started", "filename": "research-dataset.csv", "policy": "hybrid-required", "role": "alice", "time": "2026-10-06T17:20:52.449387+00:00", "transfer_id": "6ca4f1f1-8e89-426b-be3d-557948d34c3b"}
{"algorithm": "ML-KEM-768", "attempts": 17, "bytes": 80823, "confirmed": true, "event": "session_confirmed", "filename": "research-dataset.csv", "handshake_id": "f583fcbb67bf24fc", "mode": "HYBRID_QKD", "policy": "hybrid-required", "reason": "qkd_available", "role": "alice", "time": "2026-10-06T17:20:52.493880+00:00", "transfer_id": "6ca4f1f1-8e89-426b-be3d-557948d34c3b"}
{"attempts": 17, "bytes": 80823, "duration_ms": 57.387, "event": "delivered", "filename": "research-dataset.csv", "mode": "HYBRID_QKD", "policy": "hybrid-required", "reason": "qkd_available", "role": "alice", "saved_as": "6ca4f1f1-8e89-426b-be3d-557948d34c3b-research-dataset.csv", "state": "DELIVERED", "time": "2026-10-06T17:20:52.496007+00:00", "transfer_id": "6ca4f1f1-8e89-426b-be3d-557948d34c3b"}
